2026-08-15T00:00:16.332+05:30  INFO 10584 --- [meterservice] [http-nio-8080-exec-6] c.d.m.service.MeterManagement            : Meter 23026 status updated successfully to :ACTIVE
2026-08-15T00:00:28.670+05:30  INFO 10584 --- [meterservice] [http-nio-8080-exec-7] c.d.m.service.MeterManagement            : New meter added successfully :Meter(meterNumber=40527, msisdn=8271876061, customerName=Rakesh, address=Kolkata, meterType=RESIDENTIAL, createdOn=null, updatedOn=null, meterStatus=INACTIVE, readings=[])
2026-08-15T00:00:28.682+05:30  INFO 10584 --- [meterservice] [http-nio-8080-exec-7] c.d.m.service.MeterManagement            : Zero Reading added for meter: Meter(meterNumber=40527, msisdn=8271876061, customerName=Rakesh, address=Kolkata, meterType=RESIDENTIAL, createdOn=null, updatedOn=null, meterStatus=INACTIVE, readings=[])
2026-08-15T00:00:42.016+05:30  WARN 10584 --- [meterservice] [http-nio-8080-exec-8] c.d.m.service.MeterReadingService        : Insufficient readings for meter Number: 23026
2026-08-15T00:00:45.897+05:30  INFO 10584 --- [meterservice] [http-nio-8080-exec-1] c.d.m.service.MeterManagement            : Meter 40527 status updated successfully to :ACTIVE
2026-08-15T00:00:55.956+05:30  INFO 10584 --- [meterservice] [scheduling-1] c.d.m.scheduler.ReadingScheduler         : Meter Reading Scheduler started
2026-08-15T00:00:56.009+05:30  INFO 10584 --- [meterservice] [scheduling-1] c.d.m.scheduler.ReadingScheduler         : Meter Reading Scheduler completed
2026-08-15T00:01:55.956+05:30  INFO 10584 --- [meterservice] [scheduling-1] c.d.m.scheduler.ReadingScheduler         : Meter Reading Scheduler started
2026-08-15T00:01:55.990+05:30  INFO 10584 --- [meterservice] [scheduling-1] c.d.m.scheduler.ReadingScheduler         : Meter Reading Scheduler completed
2026-08-15T00:02:55.956+05:30  INFO 10584 --- [meterservice] [scheduling-1] c.d.m.scheduler.ReadingScheduler         : Meter Reading Scheduler started
2026-08-15T00:02:55.996+05:30  INFO 10584 --- [meterservice] [scheduling-1] c.d.m.scheduler.ReadingScheduler         : Meter Reading Scheduler completed
2026-08-15T00:03:55.957+05:30  INFO 10584 --- [meterservice] [scheduling-1] c.d.m.scheduler.ReadingScheduler         : Meter Reading Scheduler started
2026-08-15T00:03:56.001+05:30  INFO 10584 --- [meterservice] [scheduling-1] c.d.m.scheduler.ReadingScheduler         : Meter Reading Scheduler completed
2026-08-15T00:04:12.029+05:30  INFO 10584 --- [meterservice] [http-nio-8080-exec-2] c.d.m.service.MeterManagement            : Meter 23026 status updated successfully to :INACTIVE
2026-08-15T00:04:55.956+05:30  INFO 10584 --- [meterservice] [scheduling-1] c.d.m.scheduler.ReadingScheduler         : Meter Reading Scheduler started
2026-08-15T00:04:55.972+05:30  INFO 10584 --- [meterservice] [scheduling-1] c.d.m.scheduler.ReadingScheduler         : Meter Reading Scheduler completed
2026-08-15T00:05:55.957+05:30  INFO 10584 --- [meterservice] [scheduling-1] c.d.m.scheduler.ReadingScheduler         : Meter Reading Scheduler started
2026-08-15T00:05:55.977+05:30  INFO 10584 --- [meterservice] [scheduling-1] c.d.m.scheduler.ReadingScheduler         : Meter Reading Scheduler completed
2026-08-15T00:06:55.956+05:30  INFO 10584 --- [meterservice] [scheduling-1] c.d.m.scheduler.ReadingScheduler         : Meter Reading Scheduler started
2026-08-15T00:06:55.975+05:30  INFO 10584 --- [meterservice] [scheduling-1] c.d.m.scheduler.ReadingScheduler         : Meter Reading Scheduler completed
2026-08-15T00:07:06.182+05:30  INFO 10584 --- [meterservice] [http-nio-8080-exec-7] c.d.m.service.MeterManagement            : Meter 23026 status updated successfully to :ACTIVE
2026-08-15T00:07:55.957+05:30  INFO 10584 --- [meterservice] [scheduling-1] c.d.m.scheduler.ReadingScheduler         : Meter Reading Scheduler started
2026-08-15T00:07:55.990+05:30  INFO 10584 --- [meterservice] [scheduling-1] c.d.m.scheduler.ReadingScheduler         : Meter Reading Scheduler completed
2026-08-15T00:08:55.961+05:30  INFO 10584 --- [meterservice] [scheduling-1] c.d.m.scheduler.ReadingScheduler         : Meter Reading Scheduler started
2026-08-15T00:08:56.028+05:30  INFO 10584 --- [meterservice] [scheduling-1] c.d.m.scheduler.ReadingScheduler         : Meter Reading Scheduler completed
2026-08-15T00:09:04.482+05:30  INFO 10584 --- [meterservice] [SpringApplicationShutdownHook] o.s.boot.tomcat.GracefulShutdown         : Commencing graceful shutdown. Waiting for active requests to complete
2026-08-15T00:09:04.509+05:30  INFO 10584 --- [meterservice] [tomcat-shutdown] o.s.boot.tomcat.GracefulShutdown         : Graceful shutdown complete
2026-08-15T00:09:04.519+05:30  INFO 10584 --- [meterservice] [SpringApplicationShutdownHook] j.LocalContainerEntityManagerFactoryBean : Closing JPA EntityManagerFactory for persistence unit 'default'
2026-08-15T00:09:04.529+05:30  INFO 10584 --- [meterservice] [SpringApplicationShutdownHook] com.zaxxer.hikari.HikariDataSource       : HikariPool-1 - Shutdown initiated...
2026-08-15T00:09:04.586+05:30  INFO 10584 --- [meterservice] [SpringApplicationShutdownHook] com.zaxxer.hikari.HikariDataSource       : HikariPool-1 - Shutdown completed.
